HAL.hpp:134:18:virtual void touchgfx::HAL::setDisplayOrientation(touchgfx::DisplayOrientation)	0	static
HAL.hpp:362:28:virtual touchgfx::BlitOperations touchgfx::HAL::getBlitCaps()	0	static
HAL.hpp:730:18:virtual bool touchgfx::HAL::sampleKey(uint8_t&)	0	static
HAL.hpp:1175:18:virtual void touchgfx::HAL::taskDelay(uint16_t)	0	static
HAL.hpp:1204:22:virtual uint16_t touchgfx::HAL::getTFTCurrentLine()	0	static
HAL.hpp:1219:21:virtual touchgfx::DMAType touchgfx::HAL::getDMAType()	0	static
TouchGFXHAL.hpp:35:7:TouchGFXHAL::~TouchGFXHAL()	0	static
CortexMMCUInstrumentation.hpp:20:7:touchgfx::CortexMMCUInstrumentation::~CortexMMCUInstrumentation()	0	static
TouchGFXHAL.cpp:179:6:virtual void TouchGFXHAL::flushFrameBuffer(const touchgfx::Rect&)	24	static
TouchGFXHAL.cpp:143:11:virtual uint16_t* TouchGFXHAL::getTFTFrameBuffer() const	0	static
TouchGFXHAL.cpp:205:6:virtual void TouchGFXHAL::configureInterrupts()	0	static
TouchGFXHAL.cpp:220:6:virtual void TouchGFXHAL::enableInterrupts()	0	static
TouchGFXHAL.cpp:235:6:virtual void TouchGFXHAL::disableInterrupts()	0	static
TouchGFXHAL.cpp:251:6:virtual void TouchGFXHAL::enableLCDControllerInterrupt()	0	static
TouchGFXHAL.cpp:160:6:virtual void TouchGFXHAL::setTFTFrameBuffer(uint16_t*)	0	static
HAL.hpp:821:18:virtual void touchgfx::HAL::setFrameBufferStartAddresses(void*, void*, void*)	8	static
HAL.hpp:776:18:virtual void touchgfx::HAL::setFrameBufferStartAddress(void*, uint16_t, bool, bool)	32	static
HAL.hpp:674:18:virtual void touchgfx::HAL::backPorchExited()	8	static
TouchGFXHAL.hpp:108:18:virtual void TouchGFXHAL::flushFrameBuffer()	0	static
TouchGFXHAL.hpp:35:7:virtual TouchGFXHAL::~TouchGFXHAL()	8	static
TouchGFXHAL.cpp:98:6:virtual void TouchGFXHAL::taskEntry()	8	static
HAL.hpp:1364:18:virtual void touchgfx::HAL::performDisplayOrientationChange()	12	static
TouchGFXHAL.cpp:41:22:long int IdleTaskHook(void*)	8	static
TouchGFXHAL.cpp:65:1:TouchGFXHAL::TouchGFXHAL(touchgfx::DMA_Interface&, touchgfx::LCD&, touchgfx::TouchController&, uint16_t, uint16_t)	16	static
TouchGFXHAL.cpp:75:6:void TouchGFXHAL::initialize()	16	static
TouchGFXHAL.cpp:271:10:void vApplicationIdleHook()	0	static
CortexMMCUInstrumentation.hpp:20:7:virtual touchgfx::CortexMMCUInstrumentation::~CortexMMCUInstrumentation()	8	static
TouchGFXHAL.cpp:278:1:cpp)	0	static
