Drawable.hpp:248:18:virtual void touchgfx::Drawable::setPosition(int16_t, int16_t, int16_t, int16_t)	16	static
Drawable.hpp:322:18:virtual void touchgfx::Drawable::setX(int16_t)	0	static
Drawable.hpp:338:18:virtual void touchgfx::Drawable::setY(int16_t)	0	static
Drawable.hpp:355:18:virtual void touchgfx::Drawable::setXY(int16_t, int16_t)	16	static
Drawable.hpp:372:18:virtual void touchgfx::Drawable::setWidth(int16_t)	0	static
Drawable.hpp:388:18:virtual void touchgfx::Drawable::setHeight(int16_t)	0	static
Drawable.hpp:403:18:virtual void touchgfx::Drawable::childGeometryChanged()	0	static
Drawable.hpp:415:18:virtual void touchgfx::Drawable::handleClickEvent(const touchgfx::ClickEvent&)	0	static
Drawable.hpp:427:18:virtual void touchgfx::Drawable::handleGestureEvent(const touchgfx::GestureEvent&)	0	static
Drawable.hpp:439:18:virtual void touchgfx::Drawable::handleDragEvent(const touchgfx::DragEvent&)	0	static
Drawable.hpp:452:18:virtual void touchgfx::Drawable::handleTickEvent()	0	static
Drawable.hpp:563:18:virtual void touchgfx::Drawable::moveTo(int16_t, int16_t)	4	static
Drawable.hpp:687:18:virtual void touchgfx::Drawable::setupDrawChain(const touchgfx::Rect&, touchgfx::Drawable**)	0	static
Screen.hpp:127:18:virtual void touchgfx::Screen::setupScreen()	0	static
Screen.hpp:140:18:virtual void touchgfx::Screen::afterTransition()	0	static
Screen.hpp:153:18:virtual void touchgfx::Screen::tearDownScreen()	0	static
Screen.hpp:198:18:virtual void touchgfx::Screen::handleTickEvent()	0	static
Screen.hpp:213:18:virtual void touchgfx::Screen::handleKeyEvent(uint8_t)	0	static
Widget.hpp:74:18:virtual void touchgfx::Widget::getLastChild(int16_t, int16_t, touchgfx::Drawable**)	0	static
View.hpp:39:7:touchgfx::View<statusPresenter>::~View()	0	static
statusViewBase.hpp:18:13:statusViewBase::~statusViewBase()	0	static
statusViewBase.hpp:24:18:virtual void statusViewBase::btnEquip01_clicked()	0	static
statusViewBase.cpp:325:6:virtual void statusViewBase::setupScreen()	0	static
Callback.hpp:469:8:touchgfx::Callback<statusViewBase, const touchgfx::AbstractButton&>::~Callback()	0	static
Callback.hpp:511:18:void touchgfx::Callback<dest_type, T1, void, void>::execute(T1) [with dest_type = statusViewBase; T1 = const touchgfx::AbstractButton&]	8	static
Callback.hpp:525:18:bool touchgfx::Callback<dest_type, T1, void, void>::isValid() const [with dest_type = statusViewBase; T1 = const touchgfx::AbstractButton&]	0	static
View.hpp:39:7:virtual touchgfx::View<statusPresenter>::~View()	8	static
Callback.hpp:469:8:virtual touchgfx::Callback<statusViewBase, const touchgfx::AbstractButton&>::~Callback()	8	static
statusViewBase.hpp:18:13:virtual statusViewBase::~statusViewBase()	8	static
statusViewBase.cpp:330:6:void statusViewBase::buttonCallbackHandler(const touchgfx::AbstractButton&)	0	static
Image.hpp:49:5:touchgfx::Image::Image(const touchgfx::Bitmap&)	8	static
Button.hpp:44:5:touchgfx::Button::Button()	0	static
TypedText.hpp:220:10:void touchgfx::TypedText::assertValid() const	8	static
ButtonWithLabel.hpp:154:10:void touchgfx::ButtonWithLabel::updateTextPosition()	24	static
Color.hpp:54:22:static touchgfx::colortype touchgfx::Color::getColorFrom24BitRGB(uint8_t, uint8_t, uint8_t)	16	static
statusViewBase.cpp:9:1:statusViewBase::statusViewBase()	272	static
