stm32f7xx_hal_msp.c:69:6:HAL_MspInit	8	static
stm32f7xx_hal_msp.c:93:6:HAL_CRC_MspInit	8	static
stm32f7xx_hal_msp.c:115:6:HAL_CRC_MspDeInit	0	static
stm32f7xx_hal_msp.c:137:6:HAL_DMA2D_MspInit	16	static
stm32f7xx_hal_msp.c:162:6:HAL_DMA2D_MspDeInit	0	static
stm32f7xx_hal_msp.c:187:6:HAL_LTDC_MspInit	64	static
stm32f7xx_hal_msp.c:288:6:HAL_LTDC_MspDeInit	8	static
stm32f7xx_hal_msp.c:357:6:HAL_UART_MspInit	72	static
stm32f7xx_hal_msp.c:506:6:HAL_UART_MspDeInit	8	static
stm32f7xx_hal_msp.c:681:6:HAL_SDRAM_MspInit	48	static
stm32f7xx_hal_msp.c:767:6:HAL_SDRAM_MspDeInit	8	static
