Drawable.hpp:248:18:virtual void touchgfx::Drawable::setPosition(int16_t, int16_t, int16_t, int16_t)	16	static
Drawable.hpp:322:18:virtual void touchgfx::Drawable::setX(int16_t)	0	static
Drawable.hpp:338:18:virtual void touchgfx::Drawable::setY(int16_t)	0	static
Drawable.hpp:355:18:virtual void touchgfx::Drawable::setXY(int16_t, int16_t)	16	static
Drawable.hpp:372:18:virtual void touchgfx::Drawable::setWidth(int16_t)	0	static
Drawable.hpp:388:18:virtual void touchgfx::Drawable::setHeight(int16_t)	0	static
Drawable.hpp:403:18:virtual void touchgfx::Drawable::childGeometryChanged()	0	static
Drawable.hpp:415:18:virtual void touchgfx::Drawable::handleClickEvent(const touchgfx::ClickEvent&)	0	static
Drawable.hpp:427:18:virtual void touchgfx::Drawable::handleGestureEvent(const touchgfx::GestureEvent&)	0	static
Drawable.hpp:439:18:virtual void touchgfx::Drawable::handleDragEvent(const touchgfx::DragEvent&)	0	static
Drawable.hpp:452:18:virtual void touchgfx::Drawable::handleTickEvent()	0	static
Drawable.hpp:563:18:virtual void touchgfx::Drawable::moveTo(int16_t, int16_t)	4	static
Drawable.hpp:687:18:virtual void touchgfx::Drawable::setupDrawChain(const touchgfx::Rect&, touchgfx::Drawable**)	0	static
Screen.hpp:127:18:virtual void touchgfx::Screen::setupScreen()	0	static
Screen.hpp:140:18:virtual void touchgfx::Screen::afterTransition()	0	static
Screen.hpp:153:18:virtual void touchgfx::Screen::tearDownScreen()	0	static
Screen.hpp:198:18:virtual void touchgfx::Screen::handleTickEvent()	0	static
Screen.hpp:213:18:virtual void touchgfx::Screen::handleKeyEvent(uint8_t)	0	static
Widget.hpp:74:18:virtual void touchgfx::Widget::getLastChild(int16_t, int16_t, touchgfx::Drawable**)	0	static
View.hpp:39:7:touchgfx::View<controlPresenter>::~View()	0	static
controlViewBase.hpp:17:13:controlViewBase::~controlViewBase()	0	static
controlViewBase.cpp:24:6:virtual void controlViewBase::setupScreen()	0	static
View.hpp:39:7:virtual touchgfx::View<controlPresenter>::~View()	8	static
controlViewBase.hpp:17:13:virtual controlViewBase::~controlViewBase()	8	static
Button.hpp:44:5:touchgfx::Button::Button()	0	static
controlViewBase.cpp:7:1:controlViewBase::controlViewBase()	40	static
